[     423ms] [INFO] %cDownload the React DevTools for a better development experience: https://react.dev/link/react-devtools font-weight:bold @ webpack-internal:///(app-pages-browser)/./node_modules/next/dist/compiled/react-dom/cjs/react-dom-client.development.js:25630
[     612ms] [ERROR] WebSocket connection to 'wss://example.supabase.co/realtime/v1/websocket?apikey=public-anon-key&vsn=2.0.0' failed: Error in connection establishment: net::ERR_NAME_NOT_RESOLVED @ webpack-internal:///(app-pages-browser)/./node_modules/@supabase/phoenix/priv/static/phoenix.mjs:1441
[     620ms] [LOG] [Fast Refresh] rebuilding @ webpack-internal:///(app-pages-browser)/./node_modules/next/dist/client/dev/hot-reloader/app/hot-reloader-app.js:196
[     854ms] [LOG] [Fast Refresh] done in 235ms @ webpack-internal:///(app-pages-browser)/./node_modules/next/dist/client/dev/report-hmr-latency.js:13
[    1625ms] [ERROR] WebSocket connection to 'wss://example.supabase.co/realtime/v1/websocket?apikey=public-anon-key&vsn=2.0.0' failed: Error in connection establishment: net::ERR_NAME_NOT_RESOLVED @ webpack-internal:///(app-pages-browser)/./node_modules/@supabase/phoenix/priv/static/phoenix.mjs:1441
[    3637ms] [ERROR] WebSocket connection to 'wss://example.supabase.co/realtime/v1/websocket?apikey=public-anon-key&vsn=2.0.0' failed: Error in connection establishment: net::ERR_NAME_NOT_RESOLVED @ webpack-internal:///(app-pages-browser)/./node_modules/@supabase/phoenix/priv/static/phoenix.mjs:1441
[    8730ms] [ERROR] WebSocket connection to 'wss://example.supabase.co/realtime/v1/websocket?apikey=public-anon-key&vsn=2.0.0' failed: Error in connection establishment: net::ERR_NAME_NOT_RESOLVED @ webpack-internal:///(app-pages-browser)/./node_modules/@supabase/phoenix/priv/static/phoenix.mjs:1441
[   18823ms] [ERROR] WebSocket connection to 'wss://example.supabase.co/realtime/v1/websocket?apikey=public-anon-key&vsn=2.0.0' failed: Error in connection establishment: net::ERR_NAME_NOT_RESOLVED @ webpack-internal:///(app-pages-browser)/./node_modules/@supabase/phoenix/priv/static/phoenix.mjs:1441
[   28850ms] [ERROR] WebSocket connection to 'wss://example.supabase.co/realtime/v1/websocket?apikey=public-anon-key&vsn=2.0.0' failed: Error in connection establishment: net::ERR_NAME_NOT_RESOLVED @ webpack-internal:///(app-pages-browser)/./node_modules/@supabase/phoenix/priv/static/phoenix.mjs:1441
[   38967ms] [ERROR] WebSocket connection to 'wss://example.supabase.co/realtime/v1/websocket?apikey=public-anon-key&vsn=2.0.0' failed: Error in connection establishment: net::ERR_NAME_NOT_RESOLVED @ webpack-internal:///(app-pages-browser)/./node_modules/@supabase/phoenix/priv/static/phoenix.mjs:1441
[   49063ms] [ERROR] WebSocket connection to 'wss://example.supabase.co/realtime/v1/websocket?apikey=public-anon-key&vsn=2.0.0' failed: Error in connection establishment: net::ERR_NAME_NOT_RESOLVED @ webpack-internal:///(app-pages-browser)/./node_modules/@supabase/phoenix/priv/static/phoenix.mjs:1441
[   57185ms] [LOG] [Fast Refresh] rebuilding @ webpack-internal:///(app-pages-browser)/./node_modules/next/dist/client/dev/hot-reloader/app/hot-reloader-app.js:196
[   57362ms] [LOG] [Fast Refresh] done in 178ms @ webpack-internal:///(app-pages-browser)/./node_modules/next/dist/client/dev/report-hmr-latency.js:13
[   59203ms] [ERROR] WebSocket connection to 'wss://example.supabase.co/realtime/v1/websocket?apikey=public-anon-key&vsn=2.0.0' failed: Error in connection establishment: net::ERR_NAME_NOT_RESOLVED @ webpack-internal:///(app-pages-browser)/./node_modules/@supabase/phoenix/priv/static/phoenix.mjs:1441
[   61470ms] [LOG] [Fast Refresh] rebuilding @ webpack-internal:///(app-pages-browser)/./node_modules/next/dist/client/dev/hot-reloader/app/hot-reloader-app.js:196
[   61583ms] [LOG] [Fast Refresh] done in 113ms @ webpack-internal:///(app-pages-browser)/./node_modules/next/dist/client/dev/report-hmr-latency.js:13
[   68590ms] [LOG] [Fast Refresh] rebuilding @ webpack-internal:///(app-pages-browser)/./node_modules/next/dist/client/dev/hot-reloader/app/hot-reloader-app.js:196
[   68689ms] [LOG] [Fast Refresh] done in 98ms @ webpack-internal:///(app-pages-browser)/./node_modules/next/dist/client/dev/report-hmr-latency.js:13
[   69321ms] [ERROR] WebSocket connection to 'wss://example.supabase.co/realtime/v1/websocket?apikey=public-anon-key&vsn=2.0.0' failed: Error in connection establishment: net::ERR_NAME_NOT_RESOLVED @ webpack-internal:///(app-pages-browser)/./node_modules/@supabase/phoenix/priv/static/phoenix.mjs:1441
[   76773ms] [LOG] [Fast Refresh] rebuilding @ webpack-internal:///(app-pages-browser)/./node_modules/next/dist/client/dev/hot-reloader/app/hot-reloader-app.js:196
[   76927ms] [LOG] [Fast Refresh] done in 154ms @ webpack-internal:///(app-pages-browser)/./node_modules/next/dist/client/dev/report-hmr-latency.js:13
[   79427ms] [ERROR] WebSocket connection to 'wss://example.supabase.co/realtime/v1/websocket?apikey=public-anon-key&vsn=2.0.0' failed: Error in connection establishment: net::ERR_NAME_NOT_RESOLVED @ webpack-internal:///(app-pages-browser)/./node_modules/@supabase/phoenix/priv/static/phoenix.mjs:1441
[   84707ms] [LOG] [Fast Refresh] rebuilding @ webpack-internal:///(app-pages-browser)/./node_modules/next/dist/client/dev/hot-reloader/app/hot-reloader-app.js:196
[   84805ms] [LOG] [Fast Refresh] done in 99ms @ webpack-internal:///(app-pages-browser)/./node_modules/next/dist/client/dev/report-hmr-latency.js:13
